bot match assigned: match=1
bot match assigned: match=1
bot match assigned: match=1
bot match assigned: match=1
bot match assigned: match=1
bot match assigned: match=1
bot match assigned: match=1
bot match assigned: match=1
bot match assigned: match=1
bot match assigned: match=1
bot match assigned: match=1
bot match assigned: match=1
bot match assigned: match=1
bot match assigned: match=1
bot match assigned: match=1
bot match assigned: match=1
bot match assigned: match=1
bot match assigned: match=1
bot match assigned: match=1
bot match assigned: match=1
bot match assigned: match=1
bot match assigned: match=1
bot match assigned: match=1
bot match synchronized: match=1 player=2 snapshots=2
bot match synchronized: match=1 player=3 snapshots=2
bot match synchronized: match=1 player=4 snapshots=2
bot match synchronized: match=1 player=5 snapshots=2
bot match synchronized: match=1 player=6 snapshots=2
bot match synchronized: match=1 player=7 snapshots=2
bot match synchronized: match=1 player=8 snapshots=2
bot match synchronized: match=1 player=9 snapshots=2
bot match synchronized: match=1 player=10 snapshots=2
bot match synchronized: match=1 player=11 snapshots=2
bot match synchronized: match=1 player=12 snapshots=2
bot match synchronized: match=1 player=13 snapshots=2
bot match synchronized: match=1 player=14 snapshots=2
bot match synchronized: match=1 player=15 snapshots=2
bot match synchronized: match=1 player=16 snapshots=2
bot match synchronized: match=1 player=17 snapshots=2
bot match synchronized: match=1 player=18 snapshots=2
bot match synchronized: match=1 player=19 snapshots=2
bot match synchronized: match=1 player=20 snapshots=2
bot match synchronized: match=1 player=21 snapshots=2
bot match synchronized: match=1 player=22 snapshots=2
bot match synchronized: match=1 player=23 snapshots=2
bot match synchronized: match=1 player=24 snapshots=2
bot match finished: match=1 sessions=23
bot session player=2 match=1 snapshots_applied=8714 tcp_received_bytes=87 udp_received_bytes=39308880 discarded_snapshots=0 keyframe_requests=0 exit=0
bot session player=3 match=1 snapshots_applied=8714 tcp_received_bytes=87 udp_received_bytes=39308880 discarded_snapshots=0 keyframe_requests=0 exit=0
bot session player=4 match=1 snapshots_applied=8714 tcp_received_bytes=87 udp_received_bytes=39308880 discarded_snapshots=0 keyframe_requests=0 exit=0
bot session player=5 match=1 snapshots_applied=8714 tcp_received_bytes=87 udp_received_bytes=39308880 discarded_snapshots=0 keyframe_requests=0 exit=0
bot session player=6 match=1 snapshots_applied=8714 tcp_received_bytes=87 udp_received_bytes=39308880 discarded_snapshots=0 keyframe_requests=0 exit=0
bot session player=7 match=1 snapshots_applied=8714 tcp_received_bytes=87 udp_received_bytes=39308880 discarded_snapshots=0 keyframe_requests=0 exit=0
bot session player=8 match=1 snapshots_applied=8714 tcp_received_bytes=87 udp_received_bytes=39308880 discarded_snapshots=0 keyframe_requests=0 exit=0
bot session player=9 match=1 snapshots_applied=8714 tcp_received_bytes=87 udp_received_bytes=39308880 discarded_snapshots=0 keyframe_requests=0 exit=0
bot session player=10 match=1 snapshots_applied=8714 tcp_received_bytes=87 udp_received_bytes=39308880 discarded_snapshots=0 keyframe_requests=0 exit=0
bot session player=11 match=1 snapshots_applied=8714 tcp_received_bytes=87 udp_received_bytes=39308880 discarded_snapshots=0 keyframe_requests=0 exit=0
bot session player=12 match=1 snapshots_applied=8714 tcp_received_bytes=87 udp_received_bytes=39308880 discarded_snapshots=0 keyframe_requests=0 exit=0
bot session player=13 match=1 snapshots_applied=8714 tcp_received_bytes=87 udp_received_bytes=39308880 discarded_snapshots=0 keyframe_requests=0 exit=0
bot session player=14 match=1 snapshots_applied=8714 tcp_received_bytes=87 udp_received_bytes=39308880 discarded_snapshots=0 keyframe_requests=0 exit=0
bot session player=15 match=1 snapshots_applied=8714 tcp_received_bytes=87 udp_received_bytes=39308880 discarded_snapshots=0 keyframe_requests=0 exit=0
bot session player=16 match=1 snapshots_applied=8714 tcp_received_bytes=87 udp_received_bytes=39308880 discarded_snapshots=0 keyframe_requests=0 exit=0
bot session player=17 match=1 snapshots_applied=8714 tcp_received_bytes=87 udp_received_bytes=39308880 discarded_snapshots=0 keyframe_requests=0 exit=0
bot session player=18 match=1 snapshots_applied=8714 tcp_received_bytes=87 udp_received_bytes=39308880 discarded_snapshots=0 keyframe_requests=0 exit=0
bot session player=19 match=1 snapshots_applied=8714 tcp_received_bytes=87 udp_received_bytes=39308880 discarded_snapshots=0 keyframe_requests=0 exit=0
bot session player=20 match=1 snapshots_applied=8714 tcp_received_bytes=87 udp_received_bytes=39308880 discarded_snapshots=0 keyframe_requests=0 exit=0
bot session player=21 match=1 snapshots_applied=8714 tcp_received_bytes=87 udp_received_bytes=39308880 discarded_snapshots=0 keyframe_requests=0 exit=0
bot session player=22 match=1 snapshots_applied=8714 tcp_received_bytes=87 udp_received_bytes=39308880 discarded_snapshots=0 keyframe_requests=0 exit=0
bot session player=23 match=1 snapshots_applied=8714 tcp_received_bytes=87 udp_received_bytes=39308880 discarded_snapshots=0 keyframe_requests=0 exit=0
bot session player=24 match=1 snapshots_applied=8714 tcp_received_bytes=87 udp_received_bytes=39308880 discarded_snapshots=0 keyframe_requests=0 exit=0
bot result match=1 winner=4 reason=1 tick=17430 sessions=23 exit=0
