[2026-08-25 22:35:51.914] [info] lobby_server_listening address=127.0.0.1 port=8784 worker_address=127.0.0.1 worker_port=8785
[2026-08-25 22:35:52.075] [info] worker_control_connection_open connection=1
[2026-08-25 22:35:52.221] [info] lobby_connection_open connection=1
[2026-08-25 22:35:52.222] [info] lobby_audit type=player_assigned connection=1 player=1 room=0 match=0 error=0 endpoint_host= endpoint_tcp=0 endpoint_udp=0
[2026-08-25 22:35:52.222] [info] lobby_audit type=room_created connection=1 player=1 room=1 match=0 error=0 endpoint_host= endpoint_tcp=0 endpoint_udp=0
[2026-08-25 22:35:52.365] [info] lobby_connection_open connection=2
[2026-08-25 22:35:52.366] [info] lobby_connection_open connection=3
[2026-08-25 22:35:52.366] [info] lobby_connection_open connection=4
[2026-08-25 22:35:52.366] [info] lobby_connection_open connection=5
[2026-08-25 22:35:52.366] [info] lobby_connection_open connection=6
[2026-08-25 22:35:52.366] [info] lobby_connection_open connection=7
[2026-08-25 22:35:52.366] [info] lobby_connection_open connection=8
[2026-08-25 22:35:52.366] [info] lobby_connection_open connection=9
[2026-08-25 22:35:52.366] [info] lobby_connection_open connection=10
[2026-08-25 22:35:52.366] [info] lobby_connection_open connection=11
[2026-08-25 22:35:52.366] [info] lobby_connection_open connection=12
[2026-08-25 22:35:52.366] [info] lobby_connection_open connection=13
[2026-08-25 22:35:52.367] [info] lobby_connection_open connection=14
[2026-08-25 22:35:52.367] [info] lobby_connection_open connection=15
[2026-08-25 22:35:52.367] [info] lobby_connection_open connection=16
[2026-08-25 22:35:52.367] [info] lobby_connection_open connection=17
[2026-08-25 22:35:52.367] [info] lobby_connection_open connection=18
[2026-08-25 22:35:52.367] [info] lobby_connection_open connection=19
[2026-08-25 22:35:52.367] [info] lobby_connection_open connection=20
[2026-08-25 22:35:52.367] [info] lobby_connection_open connection=21
[2026-08-25 22:35:52.367] [info] lobby_connection_open connection=22
[2026-08-25 22:35:52.368] [info] lobby_connection_open connection=23
[2026-08-25 22:35:52.368] [info] lobby_connection_open connection=24
[2026-08-25 22:35:52.368] [info] lobby_audit type=player_assigned connection=2 player=2 room=0 match=0 error=0 endpoint_host= endpoint_tcp=0 endpoint_udp=0
[2026-08-25 22:35:52.368] [info] lobby_audit type=player_assigned connection=3 player=3 room=0 match=0 error=0 endpoint_host= endpoint_tcp=0 endpoint_udp=0
[2026-08-25 22:35:52.368] [info] lobby_audit type=player_assigned connection=4 player=4 room=0 match=0 error=0 endpoint_host= endpoint_tcp=0 endpoint_udp=0
[2026-08-25 22:35:52.368] [info] lobby_audit type=player_assigned connection=5 player=5 room=0 match=0 error=0 endpoint_host= endpoint_tcp=0 endpoint_udp=0
[2026-08-25 22:35:52.368] [info] lobby_audit type=player_assigned connection=6 player=6 room=0 match=0 error=0 endpoint_host= endpoint_tcp=0 endpoint_udp=0
[2026-08-25 22:35:52.368] [info] lobby_audit type=player_assigned connection=7 player=7 room=0 match=0 error=0 endpoint_host= endpoint_tcp=0 endpoint_udp=0
[2026-08-25 22:35:52.368] [info] lobby_audit type=player_assigned connection=8 player=8 room=0 match=0 error=0 endpoint_host= endpoint_tcp=0 endpoint_udp=0
[2026-08-25 22:35:52.368] [info] lobby_audit type=player_assigned connection=9 player=9 room=0 match=0 error=0 endpoint_host= endpoint_tcp=0 endpoint_udp=0
[2026-08-25 22:35:52.368] [info] lobby_audit type=player_assigned connection=10 player=10 room=0 match=0 error=0 endpoint_host= endpoint_tcp=0 endpoint_udp=0
[2026-08-25 22:35:52.368] [info] lobby_audit type=player_assigned connection=11 player=11 room=0 match=0 error=0 endpoint_host= endpoint_tcp=0 endpoint_udp=0
[2026-08-25 22:35:52.368] [info] lobby_audit type=player_assigned connection=12 player=12 room=0 match=0 error=0 endpoint_host= endpoint_tcp=0 endpoint_udp=0
[2026-08-25 22:35:52.368] [info] lobby_audit type=player_assigned connection=13 player=13 room=0 match=0 error=0 endpoint_host= endpoint_tcp=0 endpoint_udp=0
[2026-08-25 22:35:52.368] [info] lobby_audit type=player_assigned connection=14 player=14 room=0 match=0 error=0 endpoint_host= endpoint_tcp=0 endpoint_udp=0
[2026-08-25 22:35:52.368] [info] lobby_audit type=player_assigned connection=15 player=15 room=0 match=0 error=0 endpoint_host= endpoint_tcp=0 endpoint_udp=0
[2026-08-25 22:35:52.368] [info] lobby_audit type=player_assigned connection=16 player=16 room=0 match=0 error=0 endpoint_host= endpoint_tcp=0 endpoint_udp=0
[2026-08-25 22:35:52.368] [info] lobby_audit type=player_assigned connection=17 player=17 room=0 match=0 error=0 endpoint_host= endpoint_tcp=0 endpoint_udp=0
[2026-08-25 22:35:52.368] [info] lobby_audit type=player_assigned connection=18 player=18 room=0 match=0 error=0 endpoint_host= endpoint_tcp=0 endpoint_udp=0
[2026-08-25 22:35:52.368] [info] lobby_audit type=player_assigned connection=19 player=19 room=0 match=0 error=0 endpoint_host= endpoint_tcp=0 endpoint_udp=0
[2026-08-25 22:35:52.368] [info] lobby_audit type=player_assigned connection=20 player=20 room=0 match=0 error=0 endpoint_host= endpoint_tcp=0 endpoint_udp=0
[2026-08-25 22:35:52.368] [info] lobby_audit type=player_assigned connection=21 player=21 room=0 match=0 error=0 endpoint_host= endpoint_tcp=0 endpoint_udp=0
[2026-08-25 22:35:52.368] [info] lobby_audit type=player_assigned connection=22 player=22 room=0 match=0 error=0 endpoint_host= endpoint_tcp=0 endpoint_udp=0
[2026-08-25 22:35:52.368] [info] lobby_audit type=player_assigned connection=23 player=23 room=0 match=0 error=0 endpoint_host= endpoint_tcp=0 endpoint_udp=0
[2026-08-25 22:35:52.368] [info] lobby_audit type=player_assigned connection=24 player=24 room=0 match=0 error=0 endpoint_host= endpoint_tcp=0 endpoint_udp=0
[2026-08-25 22:35:52.384] [info] lobby_audit type=match_started connection=1 player=1 room=1 match=1 error=0 endpoint_host=127.0.0.1 endpoint_tcp=8786 endpoint_udp=50448
[2026-08-25 22:45:33.403] [info] lobby_audit type=room_deleted connection=0 player=0 room=1 match=0 error=0 endpoint_host= endpoint_tcp=0 endpoint_udp=0
[2026-08-25 22:45:33.432] [info] lobby_connection_close connection=2 error=2
[2026-08-25 22:45:33.432] [info] lobby_connection_close connection=3 error=2
[2026-08-25 22:45:33.432] [info] lobby_connection_close connection=4 error=2
[2026-08-25 22:45:33.432] [info] lobby_connection_close connection=5 error=2
[2026-08-25 22:45:33.432] [info] lobby_connection_close connection=6 error=2
[2026-08-25 22:45:33.433] [info] lobby_connection_close connection=7 error=2
[2026-08-25 22:45:33.433] [info] lobby_connection_close connection=8 error=2
[2026-08-25 22:45:33.433] [info] lobby_connection_close connection=9 error=2
[2026-08-25 22:45:33.433] [info] lobby_connection_close connection=10 error=2
[2026-08-25 22:45:33.433] [info] lobby_connection_close connection=11 error=2
[2026-08-25 22:45:33.433] [info] lobby_connection_close connection=12 error=2
[2026-08-25 22:45:33.433] [info] lobby_connection_close connection=13 error=2
[2026-08-25 22:45:33.433] [info] lobby_connection_close connection=14 error=2
[2026-08-25 22:45:33.433] [info] lobby_connection_close connection=15 error=2
[2026-08-25 22:45:33.433] [info] lobby_connection_close connection=16 error=2
[2026-08-25 22:45:33.433] [info] lobby_connection_close connection=17 error=2
[2026-08-25 22:45:33.434] [info] lobby_connection_close connection=18 error=2
[2026-08-25 22:45:33.434] [info] lobby_connection_close connection=19 error=2
[2026-08-25 22:45:33.435] [info] lobby_connection_close connection=20 error=2
[2026-08-25 22:45:33.435] [info] lobby_connection_close connection=21 error=2
[2026-08-25 22:45:33.435] [info] lobby_connection_close connection=22 error=2
[2026-08-25 22:45:33.435] [info] lobby_connection_close connection=23 error=2
[2026-08-25 22:45:33.435] [info] lobby_connection_close connection=24 error=2
[2026-08-25 22:45:36.041] [info] lobby_connection_close connection=1 error=2
[2026-08-25 22:45:39.257] [info] worker_control_connection_close connection=1 error=10054
